{
  "Repo": "sftp:user@server:/srv/repo",
  "Password": "secret",
  "PasswordFile": "/root/secret.txt",
  "Backends": {},
  "Backup": {
    "Target": [
      "/home/user/",
      "/home/otheruser"
    ],
    "Excludes": [
      "*.c"
    ]
  }
}
