{
  "Backends": null,
  "Repo": "",
  "Backup": {
    "Target": [
      "foo",
      "/home/user"
    ]
  }
}
