{
  "Repo": "test",
  "Password": "",
  "PasswordFile": "",
  "Backends": {
    "test": {
      "Type": "",
      "Path": "/foo/bar/baz"
    }
  },
  "Backup": {
    "Target": null,
    "Excludes": null
  }
}
